../Core/Src/gps_logger.c:29:6:GPSLogger_Init	264	static
../Core/Src/gps_logger.c:45:6:GPSLogger_Process	16	static
../Core/Src/gps_logger.c:69:18:GPSLogger_LogNow	280	static
../Core/Src/gps_logger.c:89:18:GPSLogger_Close	4	static
../Core/Src/gps_logger.c:94:10:GPSLogger_GetWriteErrors	4	static
../Core/Src/gps_logger.c:99:5:GPSLogger_FormatCsvHeader	24	static
../Core/Src/gps_logger.c:116:5:GPSLogger_FormatCsvLine	184	static
../Core/Src/gps_logger.c:158:5:GPSLogger_FormatGpxHeader	24	static
../Core/Src/gps_logger.c:179:5:GPSLogger_FormatGpxPoint	128	static
../Core/Src/gps_logger.c:224:5:GPSLogger_FormatGpxFooter	24	static
../Core/Src/gps_logger.c:238:33:GPSLogger_Write	16	static
../Core/Src/gps_logger.c:247:13:GPSLogger_HasFix	16	static
../Core/Src/gps_logger.c:254:13:GPSLogger_CountError	4	static
../Core/Src/gps_logger.c:259:12:GPSLogger_CheckLength	16	static
../Core/Src/gps_logger.c:269:13:GPSLogger_FormatDecimal	64	static
../Core/Src/gps_logger.c:325:16:GPSLogger_Pow10	24	static
../Core/Src/gps_logger.c:337:13:GPSLogger_FormatIsoTime	80	static
../Core/Src/gps_logger.c:389:13:GPSLogger_HasDigits	24	static
../Core/Src/gps_logger.c:407:16:GPSLogger_TwoDigits	16	static
