Archive member included to satisfy reference by file (symbol)

/Applications/STM32CubeIDE.app/Contents/Eclipse/plugins/com.st.stm32cube.ide.mcu.externaltools.gnu-tools-for-stm32.14.3.rel1.macos64_1.0.0.202510090749/tools/bin/../lib/gcc/arm-none-eabi/14.3.1/../../../../arm-none-eabi/lib/thumb/v7e-m+fp/hard/libc_nano.a(libc_a-exit.o)
                              /Applications/STM32CubeIDE.app/Contents/Eclipse/plugins/com.st.stm32cube.ide.mcu.externaltools.gnu-tools-for-stm32.14.3.rel1.macos64_1.0.0.202510090749/tools/bin/../lib/gcc/arm-none-eabi/14.3.1/../../../../arm-none-eabi/lib/thumb/v7e-m+fp/hard/crt0.o (exit)
/Applications/STM32CubeIDE.app/Contents/Eclipse/plugins/com.st.stm32cube.ide.mcu.externaltools.gnu-tools-for-stm32.14.3.rel1.macos64_1.0.0.202510090749/tools/bin/../lib/gcc/arm-none-eabi/14.3.1/../../../../arm-none-eabi/lib/thumb/v7e-m+fp/hard/libc_nano.a(libc_a-findfp.o)
                              /Applications/STM32CubeIDE.app/Contents/Eclipse/plugins/com.st.stm32cube.ide.mcu.externaltools.gnu-tools-for-stm32.14.3.rel1.macos64_1.0.0.202510090749/tools/bin/../lib/gcc/arm-none-eabi/14.3.1/../../../../arm-none-eabi/lib/thumb/v7e-m+fp/hard/libc_nano.a(libc_a-exit.o) (__stdio_exit_handler)
/Applications/STM32CubeIDE.app/Contents/Eclipse/plugins/com.st.stm32cube.ide.mcu.externaltools.gnu-tools-for-stm32.14.3.rel1.macos64_1.0.0.202510090749/tools/bin/../lib/gcc/arm-none-eabi/14.3.1/../../../../arm-none-eabi/lib/thumb/v7e-m+fp/hard/libc_nano.a(libc_a-fwalk.o)
                              /Applications/STM32CubeIDE.app/Contents/Eclipse/plugins/com.st.stm32cube.ide.mcu.externaltools.gnu-tools-for-stm32.14.3.rel1.macos64_1.0.0.202510090749/tools/bin/../lib/gcc/arm-none-eabi/14.3.1/../../../../arm-none-eabi/lib/thumb/v7e-m+fp/hard/libc_nano.a(libc_a-findfp.o) (_fwalk_sglue)
/Applications/STM32CubeIDE.app/Contents/Eclipse/plugins/com.st.stm32cube.ide.mcu.externaltools.gnu-tools-for-stm32.14.3.rel1.macos64_1.0.0.202510090749/tools/bin/../lib/gcc/arm-none-eabi/14.3.1/../../../../arm-none-eabi/lib/thumb/v7e-m+fp/hard/libc_nano.a(libc_a-memset.o)
                              /Applications/STM32CubeIDE.app/Contents/Eclipse/plugins/com.st.stm32cube.ide.mcu.externaltools.gnu-tools-for-stm32.14.3.rel1.macos64_1.0.0.202510090749/tools/bin/../lib/gcc/arm-none-eabi/14.3.1/../../../../arm-none-eabi/lib/thumb/v7e-m+fp/hard/crt0.o (memset)
/Applications/STM32CubeIDE.app/Contents/Eclipse/plugins/com.st.stm32cube.ide.mcu.externaltools.gnu-tools-for-stm32.14.3.rel1.macos64_1.0.0.202510090749/tools/bin/../lib/gcc/arm-none-eabi/14.3.1/../../../../arm-none-eabi/lib/thumb/v7e-m+fp/hard/libc_nano.a(libc_a-errno.o)
                              ./Core/Src/syscalls.o (__errno)
/Applications/STM32CubeIDE.app/Contents/Eclipse/plugins/com.st.stm32cube.ide.mcu.externaltools.gnu-tools-for-stm32.14.3.rel1.macos64_1.0.0.202510090749/tools/bin/../lib/gcc/arm-none-eabi/14.3.1/../../../../arm-none-eabi/lib/thumb/v7e-m+fp/hard/libc_nano.a(libc_a-init.o)
                              /Applications/STM32CubeIDE.app/Contents/Eclipse/plugins/com.st.stm32cube.ide.mcu.externaltools.gnu-tools-for-stm32.14.3.rel1.macos64_1.0.0.202510090749/tools/bin/../lib/gcc/arm-none-eabi/14.3.1/../../../../arm-none-eabi/lib/thumb/v7e-m+fp/hard/crt0.o (__libc_init_array)
/Applications/STM32CubeIDE.app/Contents/Eclipse/plugins/com.st.stm32cube.ide.mcu.externaltools.gnu-tools-for-stm32.14.3.rel1.macos64_1.0.0.202510090749/tools/bin/../lib/gcc/arm-none-eabi/14.3.1/../../../../arm-none-eabi/lib/thumb/v7e-m+fp/hard/libc_nano.a(libc_a-lock.o)
                              /Applications/STM32CubeIDE.app/Contents/Eclipse/plugins/com.st.stm32cube.ide.mcu.externaltools.gnu-tools-for-stm32.14.3.rel1.macos64_1.0.0.202510090749/tools/bin/../lib/gcc/arm-none-eabi/14.3.1/../../../../arm-none-eabi/lib/thumb/v7e-m+fp/hard/libc_nano.a(libc_a-findfp.o) (__retarget_lock_init_recursive)
/Applications/STM32CubeIDE.app/Contents/Eclipse/plugins/com.st.stm32cube.ide.mcu.externaltools.gnu-tools-for-stm32.14.3.rel1.macos64_1.0.0.202510090749/tools/bin/../lib/gcc/arm-none-eabi/14.3.1/../../../../arm-none-eabi/lib/thumb/v7e-m+fp/hard/libc_nano.a(libc_a-impure.o)
                              /Applications/STM32CubeIDE.app/Contents/Eclipse/plugins/com.st.stm32cube.ide.mcu.externaltools.gnu-tools-for-stm32.14.3.rel1.macos64_1.0.0.202510090749/tools/bin/../lib/gcc/arm-none-eabi/14.3.1/../../../../arm-none-eabi/lib/thumb/v7e-m+fp/hard/libc_nano.a(libc_a-errno.o) (_impure_ptr)
/Applications/STM32CubeIDE.app/Contents/Eclipse/plugins/com.st.stm32cube.ide.mcu.externaltools.gnu-tools-for-stm32.14.3.rel1.macos64_1.0.0.202510090749/tools/bin/../lib/gcc/arm-none-eabi/14.3.1/../../../../arm-none-eabi/lib/thumb/v7e-m+fp/hard/libc_nano.a(libc_a-mallocr.o)
[...]
Memory Configuration

Name             Origin             Length             Attributes
RAM              0x20000000         0x00020000         xrw
FLASH            0x08000000         0x00080000         xr
*default*        0x00000000         0xffffffff

Linker script and memory map

LOAD /Applications/STM32CubeIDE.app/Contents/Eclipse/plugins/com.st.stm32cube.ide.mcu.externaltools.gnu-tools-for-stm32.14.3.rel1.macos64_1.0.0.202510090749/tools/bin/../lib/gcc/arm-none-eabi/14.3.1/thumb/v7e-m+fp/hard/crti.o
LOAD /Applications/STM32CubeIDE.app/Contents/Eclipse/plugins/com.st.stm32cube.ide.mcu.externaltools.gnu-tools-for-stm32.14.3.rel1.macos64_1.0.0.202510090749/tools/bin/../lib/gcc/arm-none-eabi/14.3.1/thumb/v7e-m+fp/hard/crtbegin.o
LOAD /Applications/STM32CubeIDE.app/Contents/Eclipse/plugins/com.st.stm32cube.ide.mcu.externaltools.gnu-tools-for-stm32.14.3.rel1.macos64_1.0.0.202510090749/tools/bin/../lib/gcc/arm-none-eabi/14.3.1/../../../../arm-none-eabi/lib/thumb/v7e-m+fp/hard/crt0.o
LOAD ./Core/Src/battery_read.o
LOAD ./Core/Src/main.o
LOAD ./Core/Src/rtc_ds3231.o
LOAD ./Core/Src/stm32f4xx_hal_msp.o
LOAD ./Core/Src/stm32f4xx_it.o
LOAD ./Core/Src/syscalls.o
LOAD ./Core/Src/sysmem.o
LOAD ./Core/Src/system_stm32f4xx.o
LOAD ./Core/Startup/startup_stm32f411ceux.o
LOAD ./Drivers/STM32F4xx_HAL_Driver/Src/stm32f4xx_hal.o
LOAD ./Drivers/STM32F4xx_HAL_Driver/Src/stm32f4xx_hal_adc.o
LOAD ./Drivers/STM32F4xx_HAL_Driver/Src/stm32f4xx_hal_adc_ex.o
LOAD ./Drivers/STM32F4xx_HAL_Driver/Src/stm32f4xx_hal_cortex.o
LOAD ./Drivers/STM32F4xx_HAL_Driver/Src/stm32f4xx_hal_dma.o
LOAD ./Drivers/STM32F4xx_HAL_Driver/Src/stm32f4xx_hal_dma_ex.o
LOAD ./Drivers/STM32F4xx_HAL_Driver/Src/stm32f4xx_hal_exti.o
LOAD ./Drivers/STM32F4xx_HAL_Driver/Src/stm32f4xx_hal_flash.o
LOAD ./Drivers/STM32F4xx_HAL_Driver/Src/stm32f4xx_hal_flash_ex.o
LOAD ./Drivers/STM32F4xx_HAL_Driver/Src/stm32f4xx_hal_flash_ramfunc.o
LOAD ./Drivers/STM32F4xx_HAL_Driver/Src/stm32f4xx_hal_gpio.o
LOAD ./Drivers/STM32F4xx_HAL_Driver/Src/stm32f4xx_hal_i2c.o
LOAD ./Drivers/STM32F4xx_HAL_Driver/Src/stm32f4xx_hal_i2c_ex.o
LOAD ./Drivers/STM32F4xx_HAL_Driver/Src/stm32f4xx_hal_pwr.o
LOAD ./Drivers/STM32F4xx_HAL_Driver/Src/stm32f4xx_hal_pwr_ex.o
LOAD ./Drivers/STM32F4xx_HAL_Driver/Src/stm32f4xx_hal_rcc.o
LOAD ./Drivers/STM32F4xx_HAL_Driver/Src/stm32f4xx_hal_rcc_ex.o
LOAD ./Drivers/STM32F4xx_HAL_Driver/Src/stm32f4xx_ll_adc.o
START GROUP
LOAD /Applications/STM32CubeIDE.app/Contents/Eclipse/plugins/com.st.stm32cube.ide.mcu.externaltools.gnu-tools-for-stm32.14.3.rel1.macos64_1.0.0.202510090749/tools/bin/../lib/gcc/arm-none-eabi/14.3.1/../../../../arm-none-eabi/lib/thumb/v7e-m+fp/hard/libc_nano.a
LOAD /Applications/STM32CubeIDE.app/Contents/Eclipse/plugins/com.st.stm32cube.ide.mcu.externaltools.gnu-tools-for-stm32.14.3.rel1.macos64_1.0.0.202510090749/tools/bin/../lib/gcc/arm-none-eabi/14.3.1/../../../../arm-none-eabi/lib/thumb/v7e-m+fp/hard/libm.a
END GROUP
START GROUP
LOAD /Applications/STM32CubeIDE.app/Contents/Eclipse/plugins/com.st.stm32cube.ide.mcu.externaltools.gnu-tools-for-stm32.14.3.rel1.macos64_1.0.0.202510090749/tools/bin/../lib/gcc/arm-none-eabi/14.3.1/thumb/v7e-m+fp/hard/libgcc.a
LOAD /Applications/STM32CubeIDE.app/Contents/Eclipse/plugins/com.st.stm32cube.ide.mcu.externaltools.gnu-tools-for-stm32.14.3.rel1.macos64_1.0.0.202510090749/tools/bin/../lib/gcc/arm-none-eabi/14.3.1/../../../../arm-none-eabi/lib/thumb/v7e-m+fp/hard/libc_nano.a
END GROUP
START GROUP
LOAD /Applications/STM32CubeIDE.app/Contents/Eclipse/plugins/com.st.stm32cube.ide.mcu.externaltools.gnu-tools-for-stm32.14.3.rel1.macos64_1.0.0.202510090749/tools/bin/../lib/gcc/arm-none-eabi/14.3.1/thumb/v7e-m+fp/hard/libgcc.a
LOAD /Applications/STM32CubeIDE.app/Contents/Eclipse/plugins/com.st.stm32cube.ide.mcu.externaltools.gnu-tools-for-stm32.14.3.rel1.macos64_1.0.0.202510090749/tools/bin/../lib/gcc/arm-none-eabi/14.3.1/../../../../arm-none-eabi/lib/thumb/v7e-m+fp/hard/libc_nano.a
LOAD /Applications/STM32CubeIDE.app/Contents/Eclipse/plugins/com.st.stm32cube.ide.mcu.externaltools.gnu-tools-for-stm32.14.3.rel1.macos64_1.0.0.202510090749/tools/bin/../lib/gcc/arm-none-eabi/14.3.1/../../../../arm-none-eabi/lib/thumb/v7e-m+fp/hard/libnosys.a
END GROUP
START GROUP
LOAD /Applications/STM32CubeIDE.app/Contents/Eclipse/plugins/com.st.stm32cube.ide.mcu.externaltools.gnu-tools-for-stm32.14.3.rel1.macos64_1.0.0.202510090749/tools/bin/../lib/gcc/arm-none-eabi/14.3.1/thumb/v7e-m+fp/hard/libgcc.a
LOAD /Applications/STM32CubeIDE.app/Contents/Eclipse/plugins/com.st.stm32cube.ide.mcu.externaltools.gnu-tools-for-stm32.14.3.rel1.macos64_1.0.0.202510090749/tools/bin/../lib/gcc/arm-none-eabi/14.3.1/../../../../arm-none-eabi/lib/thumb/v7e-m+fp/hard/libc_nano.a
LOAD /Applications/STM32CubeIDE.app/Contents/Eclipse/plugins/com.st.stm32cube.ide.mcu.externaltools.gnu-tools-for-stm32.14.3.rel1.macos64_1.0.0.202510090749/tools/bin/../lib/gcc/arm-none-eabi/14.3.1/../../../../arm-none-eabi/lib/thumb/v7e-m+fp/hard/libnosys.a
END GROUP
LOAD /Applications/STM32CubeIDE.app/Contents/Eclipse/plugins/com.st.stm32cube.ide.mcu.externaltools.gnu-tools-for-stm32.14.3.rel1.macos64_1.0.0.202510090749/tools/bin/../lib/gcc/arm-none-eabi/14.3.1/thumb/v7e-m+fp/hard/crtend.o
LOAD /Applications/STM32CubeIDE.app/Contents/Eclipse/plugins/com.st.stm32cube.ide.mcu.externaltools.gnu-tools-for-stm32.14.3.rel1.macos64_1.0.0.202510090749/tools/bin/../lib/gcc/arm-none-eabi/14.3.1/thumb/v7e-m+fp/hard/crtn.o
                0x20020000                        _estack = (ORIGIN (RAM) + LENGTH (RAM))
                0x00000200                        _Min_Heap_Size = 0x200
                0x00000400                        _Min_Stack_Size = 0x400

.isr_vector     0x08000000      0x198
                0x08000000                        . = ALIGN (0x4)
 *(.isr_vector)
 .isr_vector    0x08000000      0x198 ./Core/Startup/startup_stm32f411ceux.o
                0x08000000                g_pfnVectors
                0x08000198                        . = ALIGN (0x4)

.text           0x08000198     0x2190
                0x08000198                        . = ALIGN (0x4)
 *(.text)
 .text          0x08000198       0x40 /Applications/STM32CubeIDE.app/Contents/Eclipse/plugins/com.st.stm32cube.ide.mcu.externaltools.gnu-tools-for-stm32.14.3.rel1.macos64_1.0.0.202510090749/tools/bin/../lib/gcc/arm-none-eabi/14.3.1/thumb/v7e-m+fp/hard/crtbegin.o
 .text          0x080001d8       0x30 /Applications/STM32CubeIDE.app/Contents/Eclipse/plugins/com.st.stm32cube.ide.mcu.externaltools.gnu-tools-for-stm32.14.3.rel1.macos64_1.0.0.202510090749/tools/bin/../lib/gcc/arm-none-eabi/14.3.1/thumb/v7e-m+fp/hard/libgcc.a(_aeabi_uldivmod.o)
                0x080001d8                __aeabi_uldivmod
 .text          0x08000208      0x2f8 /Applications/STM32CubeIDE.app/Contents/Eclipse/plugins/com.st.stm32cube.ide.mcu.externaltools.gnu-tools-for-stm32.14.3.rel1.macos64_1.0.0.202510090749/tools/bin/../lib/gcc/arm-none-eabi/14.3.1/thumb/v7e-m+fp/hard/libgcc.a(_udivmoddi4.o)
                0x08000208                __udivmoddi4
 .text          0x08000500        0x4 /Applications/STM32CubeIDE.app/Contents/Eclipse/plugins/com.st.stm32cube.ide.mcu.externaltools.gnu-tools-for-stm32.14.3.rel1.macos64_1.0.0.202510090749/tools/bin/../lib/gcc/arm-none-eabi/14.3.1/thumb/v7e-m+fp/hard/libgcc.a(_dvmd_tls.o)
                0x08000500                __aeabi_ldiv0
                0x08000500                __aeabi_idiv0
 *(.text*)
 .text.read_battery_voltage
                0x08000504       0x70 ./Core/Src/battery_read.o
                0x08000504                read_battery_voltage
 .text.main     0x08000574       0x24 ./Core/Src/main.o
                0x08000574                main
 .text.SystemClock_Config
                0x08000598       0xbc ./Core/Src/main.o
                0x08000598                SystemClock_Config
 .text.MX_ADC1_Init
                0x08000654       0xa4 ./Core/Src/main.o
 .text.MX_I2C1_Init
                0x080006f8       0x5c ./Core/Src/main.o
 .text.MX_GPIO_Init
                0x08000754       0xa4 ./Core/Src/main.o
 .text.Error_Handler
                0x080007f8        0xc ./Core/Src/main.o
                0x080007f8                Error_Handler
 .text.HAL_MspInit
                0x08000804       0x50 ./Core/Src/stm32f4xx_hal_msp.o
                0x08000804                HAL_MspInit
 .text.HAL_ADC_MspInit
                0x08000854       0x88 ./Core/Src/stm32f4xx_hal_msp.o
                0x08000854                HAL_ADC_MspInit
 .text.HAL_I2C_MspInit
                0x080008dc       0x90 ./Core/Src/stm32f4xx_hal_msp.o
                0x080008dc                HAL_I2C_MspInit
 .text.NMI_Handler
                0x0800096c        0x8 ./Core/Src/stm32f4xx_it.o
                0x0800096c                NMI_Handler
 .text.HardFault_Handler
                0x08000974        0x8 ./Core/Src/stm32f4xx_it.o
                0x08000974                HardFault_Handler
 .text.MemManage_Handler
                0x0800097c        0x8 ./Core/Src/stm32f4xx_it.o
                0x0800097c                MemManage_Handler
 .text.BusFault_Handler
                0x08000984        0x8 ./Core/Src/stm32f4xx_it.o
                0x08000984                BusFault_Handler
 .text.UsageFault_Handler
                0x0800098c        0x8 ./Core/Src/stm32f4xx_it.o
                0x0800098c                UsageFault_Handler
 .text.SVC_Handler
                0x08000994        0xe ./Core/Src/stm32f4xx_it.o
                0x08000994                SVC_Handler
 .text.DebugMon_Handler
                0x080009a2        0xe ./Core/Src/stm32f4xx_it.o
                0x080009a2                DebugMon_Handler
 .text.PendSV_Handler
                0x080009b0        0xe ./Core/Src/stm32f4xx_it.o
                0x080009b0                PendSV_Handler
 .text.SysTick_Handler
                0x080009be        0xc ./Core/Src/stm32f4xx_it.o
                0x080009be                SysTick_Handler
 *fill*         0x080009ca        0x2 
 .text.SystemInit
                0x080009cc       0x24 ./Core/Src/system_stm32f4xx.o
                0x080009cc                SystemInit
 .text.Reset_Handler
                0x080009f0       0x50 ./Core/Startup/startup_stm32f411ceux.o
                0x080009f0                Reset_Handler
 .text.Default_Handler
                0x08000a40        0x2 ./Core/Startup/startup_stm32f411ceux.o
                0x08000a40                DMA1_Stream3_IRQHandler
                0x08000a40                EXTI2_IRQHandler
                0x08000a40                SPI4_IRQHandler
                0x08000a40                TIM1_CC_IRQHandler
                0x08000a40                DMA2_Stream5_IRQHandler
                0x08000a40                DMA1_Stream5_IRQHandler
                0x08000a40                PVD_IRQHandler
                0x08000a40                SDIO_IRQHandler
                0x08000a40                TAMP_STAMP_IRQHandler
                0x08000a40                EXTI3_IRQHandler
                0x08000a40                TIM1_UP_TIM10_IRQHandler
                0x08000a40                I2C3_ER_IRQHandler
                0x08000a40                EXTI0_IRQHandler
                0x08000a40                I2C2_EV_IRQHandler
                0x08000a40                DMA1_Stream2_IRQHandler
                0x08000a40                FPU_IRQHandler
                0x08000a40                DMA2_Stream2_IRQHandler
                0x08000a40                SPI1_IRQHandler
                0x08000a40                TIM1_BRK_TIM9_IRQHandler
                0x08000a40                DMA2_Stream3_IRQHandler
                0x08000a40                USART6_IRQHandler
                0x08000a40                DMA2_Stream0_IRQHandler
                0x08000a40                TIM4_IRQHandler
                0x08000a40                I2C1_EV_IRQHandler
                0x08000a40                DMA1_Stream6_IRQHandler
                0x08000a40                DMA1_Stream1_IRQHandler
                0x08000a40                TIM3_IRQHandler
                0x08000a40                RCC_IRQHandler
                0x08000a40                Default_Handler
                0x08000a40                EXTI15_10_IRQHandler
                0x08000a40                ADC_IRQHandler
                0x08000a40                DMA1_Stream7_IRQHandler
                0x08000a40                SPI5_IRQHandler
                0x08000a40                TIM5_IRQHandler
                0x08000a40                DMA2_Stream7_IRQHandler
                0x08000a40                I2C3_EV_IRQHandler
                0x08000a40                EXTI9_5_IRQHandler
                0x08000a40                RTC_WKUP_IRQHandler
                0x08000a40                SPI2_IRQHandler
                0x08000a40                DMA1_Stream0_IRQHandler
                0x08000a40                EXTI4_IRQHandler
                0x08000a40                WWDG_IRQHandler
                0x08000a40                TIM2_IRQHandler
                0x08000a40                OTG_FS_WKUP_IRQHandler
                0x08000a40                TIM1_TRG_COM_TIM11_IRQHandler
                0x08000a40                EXTI1_IRQHandler
                0x08000a40                USART2_IRQHandler
                0x08000a40                I2C2_ER_IRQHandler
                0x08000a40                DMA2_Stream1_IRQHandler
                0x08000a40                FLASH_IRQHandler
                0x08000a40                DMA2_Stream4_IRQHandler
                0x08000a40                USART1_IRQHandler
                0x08000a40                OTG_FS_IRQHandler
                0x08000a40                SPI3_IRQHandler
                0x08000a40                DMA1_Stream4_IRQHandler
                0x08000a40                I2C1_ER_IRQHandler
                0x08000a40                DMA2_Stream6_IRQHandler
                0x08000a40                RTC_Alarm_IRQHandler
 *fill*         0x08000a42        0x2 
 .text.HAL_Init
                0x08000a44       0x44 ./Drivers/STM32F4xx_HAL_Driver/Src/stm32f4xx_hal.o
                0x08000a44                HAL_Init
 .text.HAL_InitTick
                0x08000a88       0x60 ./Drivers/STM32F4xx_HAL_Driver/Src/stm32f4xx_hal.o
                0x08000a88                HAL_InitTick
 .text.HAL_IncTick
                0x08000ae8       0x28 ./Drivers/STM32F4xx_HAL_Driver/Src/stm32f4xx_hal.o
                0x08000ae8                HAL_IncTick
 .text.HAL_GetTick
                0x08000b10       0x18 ./Drivers/STM32F4xx_HAL_Driver/Src/stm32f4xx_hal.o
                0x08000b10                HAL_GetTick
 .text.HAL_ADC_Init
                0x08000b28       0x86 ./Drivers/STM32F4xx_HAL_Driver/Src/stm32f4xx_hal_adc.o
                0x08000b28                HAL_ADC_Init
 *fill*         0x08000bae        0x2 
 .text.HAL_ADC_Start
                0x08000bb0      0x168 ./Drivers/STM32F4xx_HAL_Driver/Src/stm32f4xx_hal_adc.o
                0x08000bb0                HAL_ADC_Start
 .text.HAL_ADC_PollForConversion
                0x08000d18      0x116 ./Drivers/STM32F4xx_HAL_Driver/Src/stm32f4xx_hal_adc.o
                0x08000d18                HAL_ADC_PollForConversion
 .text.HAL_ADC_GetValue
                0x08000e2e       0x1a ./Drivers/STM32F4xx_HAL_Driver/Src/stm32f4xx_hal_adc.o
                0x08000e2e                HAL_ADC_GetValue
 .text.HAL_ADC_ConfigChannel
                0x08000e48      0x264 ./Drivers/STM32F4xx_HAL_Driver/Src/stm32f4xx_hal_adc.o
                0x08000e48                HAL_ADC_ConfigChannel
 .text.ADC_Init
                0x080010ac      0x1f8 ./Drivers/STM32F4xx_HAL_Driver/Src/stm32f4xx_hal_adc.o
 .text.__NVIC_SetPriorityGrouping
                0x080012a4       0x48 ./Drivers/STM32F4xx_HAL_Driver/Src/stm32f4xx_hal_cortex.o
 .text.__NVIC_GetPriorityGrouping
                0x080012ec       0x1c ./Drivers/STM32F4xx_HAL_Driver/Src/stm32f4xx_hal_cortex.o
 .text.__NVIC_SetPriority
                0x08001308       0x54 ./Drivers/STM32F4xx_HAL_Driver/Src/stm32f4xx_hal_cortex.o
 .text.NVIC_EncodePriority
                0x0800135c       0x66 ./Drivers/STM32F4xx_HAL_Driver/Src/stm32f4xx_hal_cortex.o
 *fill*         0x080013c2        0x2 
 .text.SysTick_Config
                0x080013c4       0x44 ./Drivers/STM32F4xx_HAL_Driver/Src/stm32f4xx_hal_cortex.o
 .text.HAL_NVIC_SetPriorityGrouping
                0x08001408       0x16 ./Drivers/STM32F4xx_HAL_Driver/Src/stm32f4xx_hal_cortex.o
                0x08001408                HAL_NVIC_SetPriorityGrouping
 .text.HAL_NVIC_SetPriority
                0x0800141e       0x38 ./Drivers/STM32F4xx_HAL_Driver/Src/stm32f4xx_hal_cortex.o
                0x0800141e                HAL_NVIC_SetPriority
 .text.HAL_SYSTICK_Config
                0x08001456       0x18 ./Drivers/STM32F4xx_HAL_Driver/Src/stm32f4xx_hal_cortex.o
                0x08001456                HAL_SYSTICK_Config
 *fill*         0x0800146e        0x2 
 .text.HAL_GPIO_Init
                0x08001470      0x308 ./Drivers/STM32F4xx_HAL_Driver/Src/stm32f4xx_hal_gpio.o
                0x08001470                HAL_GPIO_Init
 .text.HAL_GPIO_WritePin
                0x08001778       0x32 ./Drivers/STM32F4xx_HAL_Driver/Src/stm32f4xx_hal_gpio.o
                0x08001778                HAL_GPIO_WritePin
 *fill*         0x080017aa        0x2 
 .text.HAL_I2C_Init
                0x080017ac      0x288 ./Drivers/STM32F4xx_HAL_Driver/Src/stm32f4xx_hal_i2c.o
                0x080017ac                HAL_I2C_Init
 .text.HAL_RCC_OscConfig
                0x08001a34      0x4f0 ./Drivers/STM32F4xx_HAL_Driver/Src/stm32f4xx_hal_rcc.o
                0x08001a34                HAL_RCC_OscConfig
 .text.HAL_RCC_ClockConfig
                0x08001f24      0x1cc ./Drivers/STM32F4xx_HAL_Driver/Src/stm32f4xx_hal_rcc.o
                0x08001f24                HAL_RCC_ClockConfig
 .text.HAL_RCC_GetSysClockFreq
                0x080020f0      0x188 ./Drivers/STM32F4xx_HAL_Driver/Src/stm32f4xx_hal_rcc.o
                0x080020f0                HAL_RCC_GetSysClockFreq
 .text.HAL_RCC_GetHCLKFreq
                0x08002278       0x18 ./Drivers/STM32F4xx_HAL_Driver/Src/stm32f4xx_hal_rcc.o
                0x08002278                HAL_RCC_GetHCLKFreq
 .text.HAL_RCC_GetPCLK1Freq
                0x08002290       0x28 ./Drivers/STM32F4xx_HAL_Driver/Src/stm32f4xx_hal_rcc.o
                0x08002290                HAL_RCC_GetPCLK1Freq
 .text.memset   0x080022b8       0x10 /Applications/STM32CubeIDE.app/Contents/Eclipse/plugins/com.st.stm32cube.ide.mcu.externaltools.gnu-tools-for-stm32.14.3.rel1.macos64_1.0.0.202510090749/tools/bin/../lib/gcc/arm-none-eabi/14.3.1/../../../../arm-none-eabi/lib/thumb/v7e-m+fp/hard/libc_nano.a(libc_a-memset.o)
                0x080022b8                memset
 .text.__libc_init_array
                0x080022c8       0x48 /Applications/STM32CubeIDE.app/Contents/Eclipse/plugins/com.st.stm32cube.ide.mcu.externaltools.gnu-tools-for-stm32.14.3.rel1.macos64_1.0.0.202510090749/tools/bin/../lib/gcc/arm-none-eabi/14.3.1/../../../../arm-none-eabi/lib/thumb/v7e-m+fp/hard/libc_nano.a(libc_a-init.o)
                0x080022c8                __libc_init_array
 *(.glue_7)
 .glue_7        0x08002310        0x0 linker stubs
 *(.glue_7t)
 .glue_7t       0x08002310        0x0 linker stubs
 *(.eh_frame)
 .eh_frame      0x08002310        0x0 /Applications/STM32CubeIDE.app/Contents/Eclipse/plugins/com.st.stm32cube.ide.mcu.externaltools.gnu-tools-for-stm32.14.3.rel1.macos64_1.0.0.202510090749/tools/bin/../lib/gcc/arm-none-eabi/14.3.1/thumb/v7e-m+fp/hard/crtbegin.o
 *(.init)
 .init          0x08002310        0x4 /Applications/STM32CubeIDE.app/Contents/Eclipse/plugins/com.st.stm32cube.ide.mcu.externaltools.gnu-tools-for-stm32.14.3.rel1.macos64_1.0.0.202510090749/tools/bin/../lib/gcc/arm-none-eabi/14.3.1/thumb/v7e-m+fp/hard/crti.o
                0x08002310                _init
 .init          0x08002314        0x8 /Applications/STM32CubeIDE.app/Contents/Eclipse/plugins/com.st.stm32cube.ide.mcu.externaltools.gnu-tools-for-stm32.14.3.rel1.macos64_1.0.0.202510090749/tools/bin/../lib/gcc/arm-none-eabi/14.3.1/thumb/v7e-m+fp/hard/crtn.o
 *(.fini)
 .fini          0x0800231c        0x4 /Applications/STM32CubeIDE.app/Contents/Eclipse/plugins/com.st.stm32cube.ide.mcu.externaltools.gnu-tools-for-stm32.14.3.rel1.macos64_1.0.0.202510090749/tools/bin/../lib/gcc/arm-none-eabi/14.3.1/thumb/v7e-m+fp/hard/crti.o
                0x0800231c                _fini
 .fini          0x08002320        0x8 /Applications/STM32CubeIDE.app/Contents/Eclipse/plugins/com.st.stm32cube.ide.mcu.externaltools.gnu-tools-for-stm32.14.3.rel1.macos64_1.0.0.202510090749/tools/bin/../lib/gcc/arm-none-eabi/14.3.1/thumb/v7e-m+fp/hard/crtn.o
                0x08002328                        . = ALIGN (0x4)
                0x08002328                        _etext = .

.vfp11_veneer   0x08002328        0x0
 .vfp11_veneer  0x08002328        0x0 linker stubs

.v4_bx          0x08002328        0x0
 .v4_bx         0x08002328        0x0 linker stubs

.iplt           0x08002328        0x0
 .iplt          0x08002328        0x0 /Applications/STM32CubeIDE.app/Contents/Eclipse/plugins/com.st.stm32cube.ide.mcu.externaltools.gnu-tools-for-stm32.14.3.rel1.macos64_1.0.0.202510090749/tools/bin/../lib/gcc/arm-none-eabi/14.3.1/thumb/v7e-m+fp/hard/crtbegin.o

.rodata         0x08002328       0x18
                0x08002328                        . = ALIGN (0x4)
 *(.rodata)
 *(.rodata*)
 .rodata.AHBPrescTable
                0x08002328       0x10 ./Core/Src/system_stm32f4xx.o
                0x08002328                AHBPrescTable
 .rodata.APBPrescTable
                0x08002338        0x8 ./Core/Src/system_stm32f4xx.o
                0x08002338                APBPrescTable
                0x08002340                        . = ALIGN (0x4)

.ARM.extab      0x08002340        0x0
                0x08002340                        . = ALIGN (0x4)
 *(.ARM.extab* .gnu.linkonce.armextab.*)
                0x08002340                        . = ALIGN (0x4)

.ARM            0x08002340        0x8
                0x08002340                        . = ALIGN (0x4)
                0x08002340                        __exidx_start = .
 *(.ARM.exidx*)
 .ARM.exidx     0x08002340        0x8 /Applications/STM32CubeIDE.app/Contents/Eclipse/plugins/com.st.stm32cube.ide.mcu.externaltools.gnu-tools-for-stm32.14.3.rel1.macos64_1.0.0.202510090749/tools/bin/../lib/gcc/arm-none-eabi/14.3.1/thumb/v7e-m+fp/hard/libgcc.a(_udivmoddi4.o)
                0x08002348                        __exidx_end = .
                0x08002348                        . = ALIGN (0x4)

.preinit_array  0x08002348        0x0
                0x08002348                        . = ALIGN (0x4)
                0x08002348                        PROVIDE (__preinit_array_start = .)
 *(.preinit_array*)
                0x08002348                        PROVIDE (__preinit_array_end = .)
                0x08002348                        . = ALIGN (0x4)

.init_array     0x08002348        0x4
                0x08002348                        . = ALIGN (0x4)
                0x08002348                        PROVIDE (__init_array_start = .)
 *(SORT_BY_NAME(.init_array.*))
 *(.init_array*)
 .init_array    0x08002348        0x4 /Applications/STM32CubeIDE.app/Contents/Eclipse/plugins/com.st.stm32cube.ide.mcu.externaltools.gnu-tools-for-stm32.14.3.rel1.macos64_1.0.0.202510090749/tools/bin/../lib/gcc/arm-none-eabi/14.3.1/thumb/v7e-m+fp/hard/crtbegin.o
                0x0800234c                        PROVIDE (__init_array_end = .)
                0x0800234c                        . = ALIGN (0x4)

.fini_array     0x0800234c        0x4
                0x0800234c                        . = ALIGN (0x4)
                [!provide]                        PROVIDE (__fini_array_start = .)
 *(SORT_BY_NAME(.fini_array.*))
 *(.fini_array*)
 .fini_array    0x0800234c        0x4 /Applications/STM32CubeIDE.app/Contents/Eclipse/plugins/com.st.stm32cube.ide.mcu.externaltools.gnu-tools-for-stm32.14.3.rel1.macos64_1.0.0.202510090749/tools/bin/../lib/gcc/arm-none-eabi/14.3.1/thumb/v7e-m+fp/hard/crtbegin.o
                [!provide]                        PROVIDE (__fini_array_end = .)
                0x08002350                        . = ALIGN (0x4)
                0x08002350                        _sidata = LOADADDR (.data)

.rel.dyn        0x08002350        0x0
 .rel.iplt      0x08002350        0x0 /Applications/STM32CubeIDE.app/Contents/Eclipse/plugins/com.st.stm32cube.ide.mcu.externaltools.gnu-tools-for-stm32.14.3.rel1.macos64_1.0.0.202510090749/tools/bin/../lib/gcc/arm-none-eabi/14.3.1/thumb/v7e-m+fp/hard/crtbegin.o

.data           0x20000000        0xc load address 0x08002350
                0x20000000                        . = ALIGN (0x4)
                0x20000000                        _sdata = .
 *(.data)
 *(.data*)
 .data.SystemCoreClock
                0x20000000        0x4 ./Core/Src/system_stm32f4xx.o
                0x20000000                SystemCoreClock
 .data.uwTickPrio
                0x20000004        0x4 ./Drivers/STM32F4xx_HAL_Driver/Src/stm32f4xx_hal.o
                0x20000004                uwTickPrio
 .data.uwTickFreq
                0x20000008        0x1 ./Drivers/STM32F4xx_HAL_Driver/Src/stm32f4xx_hal.o
                0x20000008                uwTickFreq
 *(.RamFunc)
 *(.RamFunc*)
                0x2000000c                        . = ALIGN (0x4)
 *fill*         0x20000009        0x3 
                0x2000000c                        _edata = .

.igot.plt       0x2000000c        0x0 load address 0x0800235c
 .igot.plt      0x2000000c        0x0 /Applications/STM32CubeIDE.app/Contents/Eclipse/plugins/com.st.stm32cube.ide.mcu.externaltools.gnu-tools-for-stm32.14.3.rel1.macos64_1.0.0.202510090749/tools/bin/../lib/gcc/arm-none-eabi/14.3.1/thumb/v7e-m+fp/hard/crtbegin.o
                0x2000000c                        . = ALIGN (0x4)

.bss            0x2000000c       0xbc load address 0x0800235c
                0x2000000c                        _sbss = .
                0x2000000c                        __bss_start__ = _sbss
 *(.bss)
 .bss           0x2000000c       0x1c /Applications/STM32CubeIDE.app/Contents/Eclipse/plugins/com.st.stm32cube.ide.mcu.externaltools.gnu-tools-for-stm32.14.3.rel1.macos64_1.0.0.202510090749/tools/bin/../lib/gcc/arm-none-eabi/14.3.1/thumb/v7e-m+fp/hard/crtbegin.o
 *(.bss*)
 .bss.hadc1     0x20000028       0x48 ./Core/Src/main.o
                0x20000028                hadc1
 .bss.hi2c1     0x20000070       0x54 ./Core/Src/main.o
                0x20000070                hi2c1
 .bss.uwTick    0x200000c4        0x4 ./Drivers/STM32F4xx_HAL_Driver/Src/stm32f4xx_hal.o
                0x200000c4                uwTick
 *(COMMON)
                0x200000c8                        . = ALIGN (0x4)
                0x200000c8                        _ebss = .
                0x200000c8                        __bss_end__ = _ebss

._user_heap_stack
                0x200000c8      0x600 load address 0x0800235c
                0x200000c8                        . = ALIGN (0x8)
                [!provide]                        PROVIDE (end = .)
                0x200000c8                        PROVIDE (_end = .)
                0x200002c8                        . = (. + _Min_Heap_Size)
 *fill*         0x200000c8      0x200 
                0x200006c8                        . = (. + _Min_Stack_Size)
 *fill*         0x200002c8      0x400 
                0x200006c8                        . = ALIGN (0x8)

/DISCARD/
 libc.a(*)
 libm.a(*)
 libgcc.a(*)

.ARM.attributes
                0x00000000       0x30
 *(.ARM.attributes)
 .ARM.attributes
                0x00000000       0x22 /Applications/STM32CubeIDE.app/Contents/Eclipse/plugins/com.st.stm32cube.ide.mcu.externaltools.gnu-tools-for-stm32.14.3.rel1.macos64_1.0.0.202510090749/tools/bin/../lib/gcc/arm-none-eabi/14.3.1/thumb/v7e-m+fp/hard/crti.o
 .ARM.attributes
                0x00000022       0x34 /Applications/STM32CubeIDE.app/Contents/Eclipse/plugins/com.st.stm32cube.ide.mcu.externaltools.gnu-tools-for-stm32.14.3.rel1.macos64_1.0.0.202510090749/tools/bin/../lib/gcc/arm-none-eabi/14.3.1/thumb/v7e-m+fp/hard/crtbegin.o
 .ARM.attributes
                0x00000056       0x34 ./Core/Src/battery_read.o
 .ARM.attributes
                0x0000008a       0x34 ./Core/Src/main.o
 .ARM.attributes
                0x000000be       0x34 ./Core/Src/stm32f4xx_hal_msp.o
 .ARM.attributes
                0x000000f2       0x34 ./Core/Src/stm32f4xx_it.o
 .ARM.attributes
                0x00000126       0x34 ./Core/Src/system_stm32f4xx.o
 .ARM.attributes
                0x0000015a       0x21 ./Core/Startup/startup_stm32f411ceux.o
 .ARM.attributes
                0x0000017b       0x34 ./Drivers/STM32F4xx_HAL_Driver/Src/stm32f4xx_hal.o
 .ARM.attributes
                0x000001af       0x34 ./Drivers/STM32F4xx_HAL_Driver/Src/stm32f4xx_hal_adc.o
 .ARM.attributes
                0x000001e3       0x34 ./Drivers/STM32F4xx_HAL_Driver/Src/stm32f4xx_hal_cortex.o
 .ARM.attributes
                0x00000217       0x34 ./Drivers/STM32F4xx_HAL_Driver/Src/stm32f4xx_hal_gpio.o
 .ARM.attributes
                0x0000024b       0x34 ./Drivers/STM32F4xx_HAL_Driver/Src/stm32f4xx_hal_i2c.o
 .ARM.attributes
                0x0000027f       0x34 ./Drivers/STM32F4xx_HAL_Driver/Src/stm32f4xx_hal_rcc.o
 .ARM.attributes
                0x000002b3       0x34 /Applications/STM32CubeIDE.app/Contents/Eclipse/plugins/com.st.stm32cube.ide.mcu.externaltools.gnu-tools-for-stm32.14.3.rel1.macos64_1.0.0.202510090749/tools/bin/../lib/gcc/arm-none-eabi/14.3.1/../../../../arm-none-eabi/lib/thumb/v7e-m+fp/hard/libc_nano.a(libc_a-memset.o)
 .ARM.attributes
                0x000002e7       0x34 /Applications/STM32CubeIDE.app/Contents/Eclipse/plugins/com.st.stm32cube.ide.mcu.externaltools.gnu-tools-for-stm32.14.3.rel1.macos64_1.0.0.202510090749/tools/bin/../lib/gcc/arm-none-eabi/14.3.1/../../../../arm-none-eabi/lib/thumb/v7e-m+fp/hard/libc_nano.a(libc_a-init.o)
 .ARM.attributes
                0x0000031b       0x22 /Applications/STM32CubeIDE.app/Contents/Eclipse/plugins/com.st.stm32cube.ide.mcu.externaltools.gnu-tools-for-stm32.14.3.rel1.macos64_1.0.0.202510090749/tools/bin/../lib/gcc/arm-none-eabi/14.3.1/thumb/v7e-m+fp/hard/libgcc.a(_aeabi_uldivmod.o)
 .ARM.attributes
                0x0000033d       0x34 /Applications/STM32CubeIDE.app/Contents/Eclipse/plugins/com.st.stm32cube.ide.mcu.externaltools.gnu-tools-for-stm32.14.3.rel1.macos64_1.0.0.202510090749/tools/bin/../lib/gcc/arm-none-eabi/14.3.1/thumb/v7e-m+fp/hard/libgcc.a(_udivmoddi4.o)
 .ARM.attributes
                0x00000371       0x22 /Applications/STM32CubeIDE.app/Contents/Eclipse/plugins/com.st.stm32cube.ide.mcu.externaltools.gnu-tools-for-stm32.14.3.rel1.macos64_1.0.0.202510090749/tools/bin/../lib/gcc/arm-none-eabi/14.3.1/thumb/v7e-m+fp/hard/libgcc.a(_dvmd_tls.o)
 .ARM.attributes
                0x00000393       0x22 /Applications/STM32CubeIDE.app/Contents/Eclipse/plugins/com.st.stm32cube.ide.mcu.externaltools.gnu-tools-for-stm32.14.3.rel1.macos64_1.0.0.202510090749/tools/bin/../lib/gcc/arm-none-eabi/14.3.1/thumb/v7e-m+fp/hard/crtn.o
OUTPUT(field_platform.elf elf32-littlearm)
LOAD linker stubs
LOAD /Applications/STM32CubeIDE.app/Contents/Eclipse/plugins/com.st.stm32cube.ide.mcu.externaltools.gnu-tools-for-stm32.14.3.rel1.macos64_1.0.0.202510090749/tools/bin/../lib/gcc/arm-none-eabi/14.3.1/../../../../arm-none-eabi/lib/thumb/v7e-m+fp/hard/libc.a
LOAD /Applications/STM32CubeIDE.app/Contents/Eclipse/plugins/com.st.stm32cube.ide.mcu.externaltools.gnu-tools-for-stm32.14.3.rel1.macos64_1.0.0.202510090749/tools/bin/../lib/gcc/arm-none-eabi/14.3.1/../../../../arm-none-eabi/lib/thumb/v7e-m+fp/hard/libm.a
LOAD /Applications/STM32CubeIDE.app/Contents/Eclipse/plugins/com.st.stm32cube.ide.mcu.externaltools.gnu-tools-for-stm32.14.3.rel1.macos64_1.0.0.202510090749/tools/bin/../lib/gcc/arm-none-eabi/14.3.1/thumb/v7e-m+fp/hard/libgcc.a

.debug_info     0x00000000     0x7efb
 .debug_info    0x00000000      0x624 ./Core/Src/battery_read.o
 .debug_info    0x00000624      0xf35 ./Core/Src/main.o
 .debug_info    0x00001559      0xc5f ./Core/Src/stm32f4xx_hal_msp.o
 .debug_info    0x000021b8      0x112 ./Core/Src/stm32f4xx_it.o
 .debug_info    0x000022ca      0x53e ./Core/Src/system_stm32f4xx.o
 .debug_info    0x00002808       0x30 ./Core/Startup/startup_stm32f411ceux.o
 .debug_info    0x00002838      0x8c4 ./Drivers/STM32F4xx_HAL_Driver/Src/stm32f4xx_hal.o
 .debug_info    0x000030fc      0xce0 ./Drivers/STM32F4xx_HAL_Driver/Src/stm32f4xx_hal_adc.o
 .debug_info    0x00003ddc      0xcfc ./Drivers/STM32F4xx_HAL_Driver/Src/stm32f4xx_hal_cortex.o
 .debug_info    0x00004ad8      0x6f9 ./Drivers/STM32F4xx_HAL_Driver/Src/stm32f4xx_hal_gpio.o
 .debug_info    0x000051d1     0x2426 ./Drivers/STM32F4xx_HAL_Driver/Src/stm32f4xx_hal_i2c.o
 .debug_info    0x000075f7      0x904 ./Drivers/STM32F4xx_HAL_Driver/Src/stm32f4xx_hal_rcc.o

.debug_abbrev   0x00000000     0x158f
 .debug_abbrev  0x00000000      0x11f ./Core/Src/battery_read.o
 .debug_abbrev  0x0000011f      0x260 ./Core/Src/main.o
 .debug_abbrev  0x0000037f      0x1a4 ./Core/Src/stm32f4xx_hal_msp.o
 .debug_abbrev  0x00000523       0x73 ./Core/Src/stm32f4xx_it.o
 .debug_abbrev  0x00000596      0x11a ./Core/Src/system_stm32f4xx.o
 .debug_abbrev  0x000006b0       0x24 ./Core/Startup/startup_stm32f411ceux.o
 .debug_abbrev  0x000006d4      0x24b ./Drivers/STM32F4xx_HAL_Driver/Src/stm32f4xx_hal.o
 .debug_abbrev  0x0000091f      0x20e ./Drivers/STM32F4xx_HAL_Driver/Src/stm32f4xx_hal_adc.o
 .debug_abbrev  0x00000b2d      0x31d ./Drivers/STM32F4xx_HAL_Driver/Src/stm32f4xx_hal_cortex.o
 .debug_abbrev  0x00000e4a      0x1d3 ./Drivers/STM32F4xx_HAL_Driver/Src/stm32f4xx_hal_gpio.o
 .debug_abbrev  0x0000101d      0x2bc ./Drivers/STM32F4xx_HAL_Driver/Src/stm32f4xx_hal_i2c.o
 .debug_abbrev  0x000012d9      0x2b6 ./Drivers/STM32F4xx_HAL_Driver/Src/stm32f4xx_hal_rcc.o

.debug_aranges  0x00000000      0x7e8
 .debug_aranges
                0x00000000       0x20 ./Core/Src/battery_read.o
 .debug_aranges
                0x00000020       0x48 ./Core/Src/main.o
 .debug_aranges
                0x00000068       0x40 ./Core/Src/stm32f4xx_hal_msp.o
 .debug_aranges
                0x000000a8       0x60 ./Core/Src/stm32f4xx_it.o
 .debug_aranges
                0x00000108       0x28 ./Core/Src/system_stm32f4xx.o
 .debug_aranges
                0x00000130       0x28 ./Core/Startup/startup_stm32f411ceux.o
 .debug_aranges
                0x00000158       0xf0 ./Drivers/STM32F4xx_HAL_Driver/Src/stm32f4xx_hal.o
 .debug_aranges
                0x00000248       0xe8 ./Drivers/STM32F4xx_HAL_Driver/Src/stm32f4xx_hal_adc.o
 .debug_aranges
                0x00000330      0x130 ./Drivers/STM32F4xx_HAL_Driver/Src/stm32f4xx_hal_cortex.o
 .debug_aranges
                0x00000460       0x58 ./Drivers/STM32F4xx_HAL_Driver/Src/stm32f4xx_hal_gpio.o
 .debug_aranges
                0x000004b8      0x2a8 ./Drivers/STM32F4xx_HAL_Driver/Src/stm32f4xx_hal_i2c.o
 .debug_aranges
                0x00000760       0x88 ./Drivers/STM32F4xx_HAL_Driver/Src/stm32f4xx_hal_rcc.o

.debug_rnglists
                0x00000000      0x60f
 .debug_rnglists
                0x00000000       0x13 ./Core/Src/battery_read.o
 .debug_rnglists
                0x00000013       0x34 ./Core/Src/main.o
 .debug_rnglists
                0x00000047       0x2d ./Core/Src/stm32f4xx_hal_msp.o
 .debug_rnglists
                0x00000074       0x43 ./Core/Src/stm32f4xx_it.o
 .debug_rnglists
                0x000000b7       0x1a ./Core/Src/system_stm32f4xx.o
 .debug_rnglists
                0x000000d1       0x19 ./Core/Startup/startup_stm32f411ceux.o
 .debug_rnglists
                0x000000ea       0xaf ./Drivers/STM32F4xx_HAL_Driver/Src/stm32f4xx_hal.o
 .debug_rnglists
                0x00000199       0xb5 ./Drivers/STM32F4xx_HAL_Driver/Src/stm32f4xx_hal_adc.o
 .debug_rnglists
                0x0000024e       0xe0 ./Drivers/STM32F4xx_HAL_Driver/Src/stm32f4xx_hal_cortex.o
 .debug_rnglists
                0x0000032e       0x3f ./Drivers/STM32F4xx_HAL_Driver/Src/stm32f4xx_hal_gpio.o
 .debug_rnglists
                0x0000036d      0x23c ./Drivers/STM32F4xx_HAL_Driver/Src/stm32f4xx_hal_i2c.o
 .debug_rnglists
                0x000005a9       0x66 ./Drivers/STM32F4xx_HAL_Driver/Src/stm32f4xx_hal_rcc.o

.debug_macro    0x00000000    0x15eae
 .debug_macro   0x00000000      0x20e ./Core/Src/battery_read.o
 .debug_macro   0x0000020e      0xad8 ./Core/Src/battery_read.o
 .debug_macro   0x00000ce6      0x29b ./Core/Src/battery_read.o
 .debug_macro   0x00000f81       0x2e ./Core/Src/battery_read.o
 .debug_macro   0x00000faf       0x28 ./Core/Src/battery_read.o
 .debug_macro   0x00000fd7       0x22 ./Core/Src/battery_read.o
 .debug_macro   0x00000ff9       0x8e ./Core/Src/battery_read.o
 .debug_macro   0x00001087       0x51 ./Core/Src/battery_read.o
 .debug_macro   0x000010d8      0x103 ./Core/Src/battery_read.o
 .debug_macro   0x000011db       0x6a ./Core/Src/battery_read.o
 .debug_macro   0x00001245      0x1df ./Core/Src/battery_read.o
 .debug_macro   0x00001424       0x1c ./Core/Src/battery_read.o
 .debug_macro   0x00001440       0x22 ./Core/Src/battery_read.o
 .debug_macro   0x00001462       0xfb ./Core/Src/battery_read.o
 .debug_macro   0x0000155d     0x1011 ./Core/Src/battery_read.o
 .debug_macro   0x0000256e      0x11f ./Core/Src/battery_read.o
 .debug_macro   0x0000268d     0xb968 ./Core/Src/battery_read.o
 .debug_macro   0x0000dff5       0x6d ./Core/Src/battery_read.o
 .debug_macro   0x0000e062     0x3693 ./Core/Src/battery_read.o
 .debug_macro   0x000116f5      0x190 ./Core/Src/battery_read.o
 .debug_macro   0x00011885       0x5c ./Core/Src/battery_read.o
 .debug_macro   0x000118e1      0x45c ./Core/Src/battery_read.o
 .debug_macro   0x00011d3d      0x9e9 ./Core/Src/battery_read.o
 .debug_macro   0x00012726      0x115 ./Core/Src/battery_read.o
 .debug_macro   0x0001283b      0x11b ./Core/Src/battery_read.o
 .debug_macro   0x00012956       0xa5 ./Core/Src/battery_read.o
 .debug_macro   0x000129fb      0x15f ./Core/Src/battery_read.o
 .debug_macro   0x00012b5a      0x287 ./Core/Src/battery_read.o
 .debug_macro   0x00012de1       0x5f ./Core/Src/battery_read.o
 .debug_macro   0x00012e40      0x236 ./Core/Src/battery_read.o
 .debug_macro   0x00013076      0x9e1 ./Core/Src/battery_read.o
 .debug_macro   0x00013a57      0x38b ./Core/Src/battery_read.o
 .debug_macro   0x00013de2      0x17d ./Core/Src/battery_read.o
 .debug_macro   0x00013f5f       0xf9 ./Core/Src/battery_read.o
 .debug_macro   0x00014058      0x132 ./Core/Src/battery_read.o
 .debug_macro   0x0001418a      0x264 ./Core/Src/battery_read.o
 .debug_macro   0x000143ee       0x2e ./Core/Src/battery_read.o
 .debug_macro   0x0001441c      0x1b5 ./Core/Src/battery_read.o
 .debug_macro   0x000145d1       0x22 ./Core/Src/battery_read.o
 .debug_macro   0x000145f3       0xd6 ./Core/Src/battery_read.o
 .debug_macro   0x000146c9      0x127 ./Core/Src/battery_read.o
 .debug_macro   0x000147f0       0x85 ./Core/Src/battery_read.o
 .debug_macro   0x00014875       0x89 ./Core/Src/battery_read.o
 .debug_macro   0x000148fe      0x126 ./Core/Src/battery_read.o
 .debug_macro   0x00014a24       0x10 ./Core/Src/battery_read.o
 .debug_macro   0x00014a34      0x200 ./Core/Src/main.o
 .debug_macro   0x00014c34      0x200 ./Core/Src/stm32f4xx_hal_msp.o
 .debug_macro   0x00014e34      0x20a ./Core/Src/stm32f4xx_it.o
 .debug_macro   0x0001503e      0x1f1 ./Core/Src/system_stm32f4xx.o
 .debug_macro   0x0001522f      0x251 ./Drivers/STM32F4xx_HAL_Driver/Src/stm32f4xx_hal.o
 .debug_macro   0x00015480      0x1f2 ./Drivers/STM32F4xx_HAL_Driver/Src/stm32f4xx_hal_adc.o
 .debug_macro   0x00015672      0x1f1 ./Drivers/STM32F4xx_HAL_Driver/Src/stm32f4xx_hal_cortex.o
 .debug_macro   0x00015863      0x1f7 ./Drivers/STM32F4xx_HAL_Driver/Src/stm32f4xx_hal_gpio.o
 .debug_macro   0x00015a5a      0x23f ./Drivers/STM32F4xx_HAL_Driver/Src/stm32f4xx_hal_i2c.o
 .debug_macro   0x00015c99      0x215 ./Drivers/STM32F4xx_HAL_Driver/Src/stm32f4xx_hal_rcc.o

.debug_line     0x00000000     0xa2af
 .debug_line    0x00000000      0x731 ./Core/Src/battery_read.o
 .debug_line    0x00000731      0x847 ./Core/Src/main.o
 .debug_line    0x00000f78      0x79f ./Core/Src/stm32f4xx_hal_msp.o
 .debug_line    0x00001717      0x7b9 ./Core/Src/stm32f4xx_it.o
 .debug_line    0x00001ed0      0x780 ./Core/Src/system_stm32f4xx.o
 .debug_line    0x00002650       0x7a ./Core/Startup/startup_stm32f411ceux.o
 .debug_line    0x000026ca      0x9ff ./Drivers/STM32F4xx_HAL_Driver/Src/stm32f4xx_hal.o
 .debug_line    0x000030c9     0x1153 ./Drivers/STM32F4xx_HAL_Driver/Src/stm32f4xx_hal_adc.o
 .debug_line    0x0000421c      0xccc ./Drivers/STM32F4xx_HAL_Driver/Src/stm32f4xx_hal_cortex.o
 .debug_line    0x00004ee8      0xb15 ./Drivers/STM32F4xx_HAL_Driver/Src/stm32f4xx_hal_gpio.o
 .debug_line    0x000059fd     0x3aa9 ./Drivers/STM32F4xx_HAL_Driver/Src/stm32f4xx_hal_i2c.o
 .debug_line    0x000094a6      0xe09 ./Drivers/STM32F4xx_HAL_Driver/Src/stm32f4xx_hal_rcc.o

.debug_str      0x00000000    0x8dcbc
 .debug_str     0x00000000    0x8dcbc ./Core/Src/battery_read.o
                              0x8b861 (size before relaxing)
 .debug_str     0x0008dcbc    0x8be6a ./Core/Src/main.o
 .debug_str     0x0008dcbc    0x8bc3a ./Core/Src/stm32f4xx_hal_msp.o
 .debug_str     0x0008dcbc    0x8b45e ./Core/Src/stm32f4xx_it.o
 .debug_str     0x0008dcbc    0x8b567 ./Core/Src/system_stm32f4xx.o
 .debug_str     0x0008dcbc       0x85 ./Core/Startup/startup_stm32f411ceux.o
 .debug_str     0x0008dcbc    0x8bf93 ./Drivers/STM32F4xx_HAL_Driver/Src/stm32f4xx_hal.o
 .debug_str     0x0008dcbc    0x8bb42 ./Drivers/STM32F4xx_HAL_Driver/Src/stm32f4xx_hal_adc.o
 .debug_str     0x0008dcbc    0x8bcfd ./Drivers/STM32F4xx_HAL_Driver/Src/stm32f4xx_hal_cortex.o
 .debug_str     0x0008dcbc    0x8b6e2 ./Drivers/STM32F4xx_HAL_Driver/Src/stm32f4xx_hal_gpio.o
 .debug_str     0x0008dcbc    0x8c578 ./Drivers/STM32F4xx_HAL_Driver/Src/stm32f4xx_hal_i2c.o
 .debug_str     0x0008dcbc    0x8b99b ./Drivers/STM32F4xx_HAL_Driver/Src/stm32f4xx_hal_rcc.o

.comment        0x00000000       0x43
 .comment       0x00000000       0x43 ./Core/Src/battery_read.o
                                 0x44 (size before relaxing)
 .comment       0x00000043       0x44 ./Core/Src/main.o
 .comment       0x00000043       0x44 ./Core/Src/stm32f4xx_hal_msp.o
 .comment       0x00000043       0x44 ./Core/Src/stm32f4xx_it.o
 .comment       0x00000043       0x44 ./Core/Src/system_stm32f4xx.o
 .comment       0x00000043       0x44 ./Drivers/STM32F4xx_HAL_Driver/Src/stm32f4xx_hal.o
 .comment       0x00000043       0x44 ./Drivers/STM32F4xx_HAL_Driver/Src/stm32f4xx_hal_adc.o
 .comment       0x00000043       0x44 ./Drivers/STM32F4xx_HAL_Driver/Src/stm32f4xx_hal_cortex.o
 .comment       0x00000043       0x44 ./Drivers/STM32F4xx_HAL_Driver/Src/stm32f4xx_hal_gpio.o
 .comment       0x00000043       0x44 ./Drivers/STM32F4xx_HAL_Driver/Src/stm32f4xx_hal_i2c.o
 .comment       0x00000043       0x44 ./Drivers/STM32F4xx_HAL_Driver/Src/stm32f4xx_hal_rcc.o

.debug_frame    0x00000000     0x1e44
 .debug_frame   0x00000000       0x34 ./Core/Src/battery_read.o
 .debug_frame   0x00000034       0xcc ./Core/Src/main.o
 .debug_frame   0x00000100       0xc4 ./Core/Src/stm32f4xx_hal_msp.o
 .debug_frame   0x000001c4       0xf8 ./Core/Src/stm32f4xx_it.o
 .debug_frame   0x000002bc       0x50 ./Core/Src/system_stm32f4xx.o
 .debug_frame   0x0000030c      0x31c ./Drivers/STM32F4xx_HAL_Driver/Src/stm32f4xx_hal.o
 .debug_frame   0x00000628      0x3bc ./Drivers/STM32F4xx_HAL_Driver/Src/stm32f4xx_hal_adc.o
 .debug_frame   0x000009e4      0x4b8 ./Drivers/STM32F4xx_HAL_Driver/Src/stm32f4xx_hal_cortex.o
 .debug_frame   0x00000e9c      0x130 ./Drivers/STM32F4xx_HAL_Driver/Src/stm32f4xx_hal_gpio.o
 .debug_frame   0x00000fcc      0xbf4 ./Drivers/STM32F4xx_HAL_Driver/Src/stm32f4xx_hal_i2c.o
 .debug_frame   0x00001bc0      0x1d8 ./Drivers/STM32F4xx_HAL_Driver/Src/stm32f4xx_hal_rcc.o
 .debug_frame   0x00001d98       0x20 /Applications/STM32CubeIDE.app/Contents/Eclipse/plugins/com.st.stm32cube.ide.mcu.externaltools.gnu-tools-for-stm32.14.3.rel1.macos64_1.0.0.202510090749/tools/bin/../lib/gcc/arm-none-eabi/14.3.1/../../../../arm-none-eabi/lib/thumb/v7e-m+fp/hard/libc_nano.a(libc_a-memset.o)
 .debug_frame   0x00001db8       0x2c /Applications/STM32CubeIDE.app/Contents/Eclipse/plugins/com.st.stm32cube.ide.mcu.externaltools.gnu-tools-for-stm32.14.3.rel1.macos64_1.0.0.202510090749/tools/bin/../lib/gcc/arm-none-eabi/14.3.1/../../../../arm-none-eabi/lib/thumb/v7e-m+fp/hard/libc_nano.a(libc_a-init.o)
 .debug_frame   0x00001de4       0x2c /Applications/STM32CubeIDE.app/Contents/Eclipse/plugins/com.st.stm32cube.ide.mcu.externaltools.gnu-tools-for-stm32.14.3.rel1.macos64_1.0.0.202510090749/tools/bin/../lib/gcc/arm-none-eabi/14.3.1/thumb/v7e-m+fp/hard/libgcc.a(_aeabi_uldivmod.o)
 .debug_frame   0x00001e10       0x34 /Applications/STM32CubeIDE.app/Contents/Eclipse/plugins/com.st.stm32cube.ide.mcu.externaltools.gnu-tools-for-stm32.14.3.rel1.macos64_1.0.0.202510090749/tools/bin/../lib/gcc/arm-none-eabi/14.3.1/thumb/v7e-m+fp/hard/libgcc.a(_udivmoddi4.o)

.debug_line_str
                0x00000000       0x69
 .debug_line_str
                0x00000000       0x69 ./Core/Startup/startup_stm32f411ceux.o
